[2025-04-07 22:47:30,489][INFO] step 0: train loss 4.6510, val loss 4.6510
[2025-04-07 22:47:34,684][INFO] iter 0: loss 4.6512
[2025-04-07 22:52:23,225][INFO] step 1000: train loss 0.0987, val loss 0.0993
[2025-04-07 22:52:23,226][INFO] saving checkpoint to out/circle_1_1_120_100_path_notallpairs
[2025-04-07 22:57:16,302][INFO] step 2000: train loss 0.0968, val loss 0.0975
[2025-04-07 22:57:16,304][INFO] saving checkpoint to out/circle_1_1_120_100_path_notallpairs
[2025-04-07 23:02:11,193][INFO] step 3000: train loss 0.0965, val loss 0.0971
[2025-04-07 23:02:11,194][INFO] saving checkpoint to out/circle_1_1_120_100_path_notallpairs
[2025-04-07 23:07:06,032][INFO] step 4000: train loss 0.0960, val loss 0.0965
[2025-04-07 23:07:06,033][INFO] saving checkpoint to out/circle_1_1_120_100_path_notallpairs
[2025-04-07 23:12:00,193][INFO] step 5000: train loss 0.0957, val loss 0.0961
[2025-04-07 23:12:00,194][INFO] saving checkpoint to out/circle_1_1_120_100_path_notallpairs
[2025-04-07 23:16:53,392][INFO] step 6000: train loss 0.0953, val loss 0.0957
[2025-04-07 23:16:53,392][INFO] saving checkpoint to out/circle_1_1_120_100_path_notallpairs
[2025-04-07 23:21:46,812][INFO] step 7000: train loss 0.0951, val loss 0.0960
[2025-04-07 23:21:46,813][INFO] saving checkpoint to out/circle_1_1_120_100_path_notallpairs
[2025-04-07 23:26:39,442][INFO] step 8000: train loss 0.0950, val loss 0.0955
[2025-04-07 23:26:39,443][INFO] saving checkpoint to out/circle_1_1_120_100_path_notallpairs
[2025-04-07 23:31:32,281][INFO] step 9000: train loss 0.0949, val loss 0.0956
[2025-04-07 23:31:32,281][INFO] saving checkpoint to out/circle_1_1_120_100_path_notallpairs
[2025-04-07 23:36:24,728][INFO] step 10000: train loss 0.0949, val loss 0.0951
[2025-04-07 23:36:24,729][INFO] saving checkpoint to out/circle_1_1_120_100_path_notallpairs
[2025-04-07 23:36:24,940][INFO] iter 10000: loss 0.0947
[2025-04-07 23:36:25,095][DEBUG] Loaded backend module://matplotlib_inline.backend_inline version unknown.
[2025-04-07 23:36:25,110][DEBUG] findfont: Matching sans\-serif:style=normal:variant=normal:weight=normal:stretch=normal:size=10.0.
[2025-04-07 23:36:25,110][DEBUG] findfont: score(FontEntry(fname='/usr/local/lib/python3.11/dist-packages/matplotlib/mpl-data/fonts/ttf/STIXSizFourSymReg.ttf', name='STIXSizeFourSym', style='normal', variant='normal', weight=400, stretch='normal', size='scalable')) = 10.05
[2025-04-07 23:36:25,110][DEBUG] findfont: score(FontEntry(fname='/usr/local/lib/python3.11/dist-packages/matplotlib/mpl-data/fonts/ttf/DejaVuSerif-Italic.ttf', name='DejaVu Serif', style='italic', variant='normal', weight=400, stretch='normal', size='scalable')) = 11.05
[2025-04-07 23:36:25,110][DEBUG] findfont: score(FontEntry(fname='/usr/local/lib/python3.11/dist-packages/matplotlib/mpl-data/fonts/ttf/STIXSizFourSymBol.ttf', name='STIXSizeFourSym', style='normal', variant='normal', weight=700, stretch='normal', size='scalable')) = 10.335
[2025-04-07 23:36:25,110][DEBUG] findfont: score(FontEntry(fname='/usr/local/lib/python3.11/dist-packages/matplotlib/mpl-data/fonts/ttf/cmsy10.ttf', name='cmsy10', style='normal', variant='normal', weight=400, stretch='normal', size='scalable')) = 10.05
[2025-04-07 23:36:25,110][DEBUG] findfont: score(FontEntry(fname='/usr/local/lib/python3.11/dist-packages/matplotlib/mpl-data/fonts/ttf/STIXNonUni.ttf', name='STIXNonUnicode', style='normal', variant='normal', weight=400, stretch='normal', size='scalable')) = 10.05
[2025-04-07 23:36:25,110][DEBUG] findfont: score(FontEntry(fname='/usr/local/lib/python3.11/dist-packages/matplotlib/mpl-data/fonts/ttf/STIXNonUniIta.ttf', name='STIXNonUnicode', style='italic', variant='normal', weight=400, stretch='normal', size='scalable')) = 11.05
[2025-04-07 23:36:25,110][DEBUG] findfont: score(FontEntry(fname='/usr/local/lib/python3.11/dist-packages/matplotlib/mpl-data/fonts/ttf/DejaVuSans-Bold.ttf', name='DejaVu Sans', style='normal', variant='normal', weight=700, stretch='normal', size='scalable')) = 0.33499999999999996
[2025-04-07 23:36:25,110][DEBUG] findfont: score(FontEntry(fname='/usr/local/lib/python3.11/dist-packages/matplotlib/mpl-data/fonts/ttf/DejaVuSans.ttf', name='DejaVu Sans', style='normal', variant='normal', weight=400, stretch='normal', size='scalable')) = 0.05
[2025-04-07 23:36:25,111][DEBUG] findfont: score(FontEntry(fname='/usr/local/lib/python3.11/dist-packages/matplotlib/mpl-data/fonts/ttf/STIXGeneralBol.ttf', name='STIXGeneral', style='normal', variant='normal', weight=700, stretch='normal', size='scalable')) = 10.335
[2025-04-07 23:36:25,111][DEBUG] findfont: score(FontEntry(fname='/usr/local/lib/python3.11/dist-packages/matplotlib/mpl-data/fonts/ttf/STIXSizOneSymReg.ttf', name='STIXSizeOneSym', style='normal', variant='normal', weight=400, stretch='normal', size='scalable')) = 10.05
[2025-04-07 23:36:25,111][DEBUG] findfont: score(FontEntry(fname='/usr/local/lib/python3.11/dist-packages/matplotlib/mpl-data/fonts/ttf/STIXSizThreeSymReg.ttf', name='STIXSizeThreeSym', style='normal', variant='normal', weight=400, stretch='normal', size='scalable')) = 10.05
[2025-04-07 23:36:25,111][DEBUG] findfont: score(FontEntry(fname='/usr/local/lib/python3.11/dist-packages/matplotlib/mpl-data/fonts/ttf/cmss10.ttf', name='cmss10', style='normal', variant='normal', weight=400, stretch='normal', size='scalable')) = 10.05
[2025-04-07 23:36:25,111][DEBUG] findfont: score(FontEntry(fname='/usr/local/lib/python3.11/dist-packages/matplotlib/mpl-data/fonts/ttf/STIXSizFiveSymReg.ttf', name='STIXSizeFiveSym', style='normal', variant='normal', weight=400, stretch='normal', size='scalable')) = 10.05
[2025-04-07 23:36:25,111][DEBUG] findfont: score(FontEntry(fname='/usr/local/lib/python3.11/dist-packages/matplotlib/mpl-data/fonts/ttf/STIXGeneralItalic.ttf', name='STIXGeneral', style='italic', variant='normal', weight=400, stretch='normal', size='scalable')) = 11.05
[2025-04-07 23:36:25,111][DEBUG] findfont: score(FontEntry(fname='/usr/local/lib/python3.11/dist-packages/matplotlib/mpl-data/fonts/ttf/DejaVuSans-Oblique.ttf', name='DejaVu Sans', style='oblique', variant='normal', weight=400, stretch='normal', size='scalable')) = 1.05
[2025-04-07 23:36:25,111][DEBUG] findfont: score(FontEntry(fname='/usr/local/lib/python3.11/dist-packages/matplotlib/mpl-data/fonts/ttf/DejaVuSerif-BoldItalic.ttf', name='DejaVu Serif', style='italic', variant='normal', weight=700, stretch='normal', size='scalable')) = 11.335
[2025-04-07 23:36:25,111][DEBUG] findfont: score(FontEntry(fname='/usr/local/lib/python3.11/dist-packages/matplotlib/mpl-data/fonts/ttf/DejaVuSerif-Bold.ttf', name='DejaVu Serif', style='normal', variant='normal', weight=700, stretch='normal', size='scalable')) = 10.335
[2025-04-07 23:36:25,111][DEBUG] findfont: score(FontEntry(fname='/usr/local/lib/python3.11/dist-packages/matplotlib/mpl-data/fonts/ttf/cmtt10.ttf', name='cmtt10', style='normal', variant='normal', weight=400, stretch='normal', size='scalable')) = 10.05
[2025-04-07 23:36:25,111][DEBUG] findfont: score(FontEntry(fname='/usr/local/lib/python3.11/dist-packages/matplotlib/mpl-data/fonts/ttf/STIXNonUniBol.ttf', name='STIXNonUnicode', style='normal', variant='normal', weight=700, stretch='normal', size='scalable')) = 10.335
[2025-04-07 23:36:25,111][DEBUG] findfont: score(FontEntry(fname='/usr/local/lib/python3.11/dist-packages/matplotlib/mpl-data/fonts/ttf/STIXGeneral.ttf', name='STIXGeneral', style='normal', variant='normal', weight=400, stretch='normal', size='scalable')) = 10.05
[2025-04-07 23:36:25,111][DEBUG] findfont: score(FontEntry(fname='/usr/local/lib/python3.11/dist-packages/matplotlib/mpl-data/fonts/ttf/STIXSizThreeSymBol.ttf', name='STIXSizeThreeSym', style='normal', variant='normal', weight=700, stretch='normal', size='scalable')) = 10.335
[2025-04-07 23:36:25,111][DEBUG] findfont: score(FontEntry(fname='/usr/local/lib/python3.11/dist-packages/matplotlib/mpl-data/fonts/ttf/cmb10.ttf', name='cmb10', style='normal', variant='normal', weight=400, stretch='normal', size='scalable')) = 10.05
[2025-04-07 23:36:25,111][DEBUG] findfont: score(FontEntry(fname='/usr/local/lib/python3.11/dist-packages/matplotlib/mpl-data/fonts/ttf/STIXSizTwoSymBol.ttf', name='STIXSizeTwoSym', style='normal', variant='normal', weight=700, stretch='normal', size='scalable')) = 10.335
[2025-04-07 23:36:25,111][DEBUG] findfont: score(FontEntry(fname='/usr/local/lib/python3.11/dist-packages/matplotlib/mpl-data/fonts/ttf/STIXSizTwoSymReg.ttf', name='STIXSizeTwoSym', style='normal', variant='normal', weight=400, stretch='normal', size='scalable')) = 10.05
[2025-04-07 23:36:25,111][DEBUG] findfont: score(FontEntry(fname='/usr/local/lib/python3.11/dist-packages/matplotlib/mpl-data/fonts/ttf/DejaVuSerif.ttf', name='DejaVu Serif', style='normal', variant='normal', weight=400, stretch='normal', size='scalable')) = 10.05
[2025-04-07 23:36:25,111][DEBUG] findfont: score(FontEntry(fname='/usr/local/lib/python3.11/dist-packages/matplotlib/mpl-data/fonts/ttf/cmex10.ttf', name='cmex10', style='normal', variant='normal', weight=400, stretch='normal', size='scalable')) = 10.05
[2025-04-07 23:36:25,111][DEBUG] findfont: score(FontEntry(fname='/usr/local/lib/python3.11/dist-packages/matplotlib/mpl-data/fonts/ttf/DejaVuSansMono-Bold.ttf', name='DejaVu Sans Mono', style='normal', variant='normal', weight=700, stretch='normal', size='scalable')) = 10.335
[2025-04-07 23:36:25,111][DEBUG] findfont: score(FontEntry(fname='/usr/local/lib/python3.11/dist-packages/matplotlib/mpl-data/fonts/ttf/STIXGeneralBolIta.ttf', name='STIXGeneral', style='italic', variant='normal', weight=700, stretch='normal', size='scalable')) = 11.335
[2025-04-07 23:36:25,111][DEBUG] findfont: score(FontEntry(fname='/usr/local/lib/python3.11/dist-packages/matplotlib/mpl-data/fonts/ttf/DejaVuSansMono.ttf', name='DejaVu Sans Mono', style='normal', variant='normal', weight=400, stretch='normal', size='scalable')) = 10.05
[2025-04-07 23:36:25,111][DEBUG] findfont: score(FontEntry(fname='/usr/local/lib/python3.11/dist-packages/matplotlib/mpl-data/fonts/ttf/STIXNonUniBolIta.ttf', name='STIXNonUnicode', style='italic', variant='normal', weight=700, stretch='normal', size='scalable')) = 11.335
[2025-04-07 23:36:25,111][DEBUG] findfont: score(FontEntry(fname='/usr/local/lib/python3.11/dist-packages/matplotlib/mpl-data/fonts/ttf/DejaVuSansMono-BoldOblique.ttf', name='DejaVu Sans Mono', style='oblique', variant='normal', weight=700, stretch='normal', size='scalable')) = 11.335
[2025-04-07 23:36:25,111][DEBUG] findfont: score(FontEntry(fname='/usr/local/lib/python3.11/dist-packages/matplotlib/mpl-data/fonts/ttf/cmmi10.ttf', name='cmmi10', style='normal', variant='normal', weight=400, stretch='normal', size='scalable')) = 10.05
[2025-04-07 23:36:25,111][DEBUG] findfont: score(FontEntry(fname='/usr/local/lib/python3.11/dist-packages/matplotlib/mpl-data/fonts/ttf/cmr10.ttf', name='cmr10', style='normal', variant='normal', weight=400, stretch='normal', size='scalable')) = 10.05
[2025-04-07 23:36:25,111][DEBUG] findfont: score(FontEntry(fname='/usr/local/lib/python3.11/dist-packages/matplotlib/mpl-data/fonts/ttf/DejaVuSansDisplay.ttf', name='DejaVu Sans Display', style='normal', variant='normal', weight=400, stretch='normal', size='scalable')) = 10.05
[2025-04-07 23:36:25,111][DEBUG] findfont: score(FontEntry(fname='/usr/local/lib/python3.11/dist-packages/matplotlib/mpl-data/fonts/ttf/DejaVuSansMono-Oblique.ttf', name='DejaVu Sans Mono', style='oblique', variant='normal', weight=400, stretch='normal', size='scalable')) = 11.05
[2025-04-07 23:36:25,111][DEBUG] findfont: score(FontEntry(fname='/usr/local/lib/python3.11/dist-packages/matplotlib/mpl-data/fonts/ttf/STIXSizOneSymBol.ttf', name='STIXSizeOneSym', style='normal', variant='normal', weight=700, stretch='normal', size='scalable')) = 10.335
[2025-04-07 23:36:25,112][DEBUG] findfont: score(FontEntry(fname='/usr/local/lib/python3.11/dist-packages/matplotlib/mpl-data/fonts/ttf/DejaVuSerifDisplay.ttf', name='DejaVu Serif Display', style='normal', variant='normal', weight=400, stretch='normal', size='scalable')) = 10.05
[2025-04-07 23:36:25,112][DEBUG] findfont: score(FontEntry(fname='/usr/local/lib/python3.11/dist-packages/matplotlib/mpl-data/fonts/ttf/DejaVuSans-BoldOblique.ttf', name='DejaVu Sans', style='oblique', variant='normal', weight=700, stretch='normal', size='scalable')) = 1.335
[2025-04-07 23:36:25,112][DEBUG] findfont: score(FontEntry(fname='/usr/share/fonts/truetype/liberation/LiberationMono-BoldItalic.ttf', name='Liberation Mono', style='italic', variant='normal', weight=700, stretch='normal', size='scalable')) = 11.335
[2025-04-07 23:36:25,112][DEBUG] findfont: score(FontEntry(fname='/usr/share/fonts/truetype/liberation/LiberationSans-Bold.ttf', name='Liberation Sans', style='normal', variant='normal', weight=700, stretch='normal', size='scalable')) = 10.335
[2025-04-07 23:36:25,112][DEBUG] findfont: score(FontEntry(fname='/usr/share/fonts/truetype/liberation/LiberationSansNarrow-BoldItalic.ttf', name='Liberation Sans Narrow', style='italic', variant='normal', weight=700, stretch='condensed', size='scalable')) = 11.535
[2025-04-07 23:36:25,112][DEBUG] findfont: score(FontEntry(fname='/usr/share/fonts/truetype/liberation/LiberationMono-Regular.ttf', name='Liberation Mono', style='normal', variant='normal', weight=400, stretch='normal', size='scalable')) = 10.05
[2025-04-07 23:36:25,112][DEBUG] findfont: score(FontEntry(fname='/usr/share/fonts/truetype/liberation/LiberationSerif-Bold.ttf', name='Liberation Serif', style='normal', variant='normal', weight=700, stretch='normal', size='scalable')) = 10.335
[2025-04-07 23:36:25,112][DEBUG] findfont: score(FontEntry(fname='/usr/share/fonts/truetype/liberation/LiberationMono-Bold.ttf', name='Liberation Mono', style='normal', variant='normal', weight=700, stretch='normal', size='scalable')) = 10.335
[2025-04-07 23:36:25,112][DEBUG] findfont: score(FontEntry(fname='/usr/share/fonts/truetype/liberation/LiberationSans-BoldItalic.ttf', name='Liberation Sans', style='italic', variant='normal', weight=700, stretch='normal', size='scalable')) = 11.335
[2025-04-07 23:36:25,112][DEBUG] findfont: score(FontEntry(fname='/usr/share/fonts/truetype/humor-sans/Humor-Sans.ttf', name='Humor Sans', style='normal', variant='normal', weight=400, stretch='normal', size='scalable')) = 10.05
[2025-04-07 23:36:25,112][DEBUG] findfont: score(FontEntry(fname='/usr/share/fonts/truetype/liberation/LiberationSerif-Regular.ttf', name='Liberation Serif', style='normal', variant='normal', weight=400, stretch='normal', size='scalable')) = 10.05
[2025-04-07 23:36:25,112][DEBUG] findfont: score(FontEntry(fname='/usr/share/fonts/truetype/liberation/LiberationSans-Regular.ttf', name='Liberation Sans', style='normal', variant='normal', weight=400, stretch='normal', size='scalable')) = 10.05
[2025-04-07 23:36:25,112][DEBUG] findfont: score(FontEntry(fname='/usr/share/fonts/truetype/liberation/LiberationSansNarrow-Bold.ttf', name='Liberation Sans Narrow', style='normal', variant='normal', weight=700, stretch='condensed', size='scalable')) = 10.535
[2025-04-07 23:36:25,112][DEBUG] findfont: score(FontEntry(fname='/usr/share/fonts/truetype/liberation/LiberationSans-Italic.ttf', name='Liberation Sans', style='italic', variant='normal', weight=400, stretch='normal', size='scalable')) = 11.05
[2025-04-07 23:36:25,112][DEBUG] findfont: score(FontEntry(fname='/usr/share/fonts/truetype/liberation/LiberationSerif-Italic.ttf', name='Liberation Serif', style='italic', variant='normal', weight=400, stretch='normal', size='scalable')) = 11.05
[2025-04-07 23:36:25,112][DEBUG] findfont: score(FontEntry(fname='/usr/share/fonts/truetype/liberation/LiberationSansNarrow-Regular.ttf', name='Liberation Sans Narrow', style='normal', variant='normal', weight=400, stretch='condensed', size='scalable')) = 10.25
[2025-04-07 23:36:25,112][DEBUG] findfont: score(FontEntry(fname='/usr/share/fonts/truetype/liberation/LiberationMono-Italic.ttf', name='Liberation Mono', style='italic', variant='normal', weight=400, stretch='normal', size='scalable')) = 11.05
[2025-04-07 23:36:25,112][DEBUG] findfont: score(FontEntry(fname='/usr/share/fonts/truetype/liberation/LiberationSerif-BoldItalic.ttf', name='Liberation Serif', style='italic', variant='normal', weight=700, stretch='normal', size='scalable')) = 11.335
[2025-04-07 23:36:25,112][DEBUG] findfont: score(FontEntry(fname='/usr/share/fonts/truetype/liberation/LiberationSansNarrow-Italic.ttf', name='Liberation Sans Narrow', style='italic', variant='normal', weight=400, stretch='condensed', size='scalable')) = 11.25
[2025-04-07 23:36:25,112][DEBUG] findfont: Matching sans\-serif:style=normal:variant=normal:weight=normal:stretch=normal:size=10.0 to DejaVu Sans ('/usr/local/lib/python3.11/dist-packages/matplotlib/mpl-data/fonts/ttf/DejaVuSans.ttf') with score of 0.050000.
[2025-04-07 23:36:25,173][DEBUG] findfont: Matching sans\-serif:style=normal:variant=normal:weight=normal:stretch=normal:size=12.0.
[2025-04-07 23:36:25,173][DEBUG] findfont: score(FontEntry(fname='/usr/local/lib/python3.11/dist-packages/matplotlib/mpl-data/fonts/ttf/STIXSizFourSymReg.ttf', name='STIXSizeFourSym', style='normal', variant='normal', weight=400, stretch='normal', size='scalable')) = 10.05
[2025-04-07 23:36:25,173][DEBUG] findfont: score(FontEntry(fname='/usr/local/lib/python3.11/dist-packages/matplotlib/mpl-data/fonts/ttf/DejaVuSerif-Italic.ttf', name='DejaVu Serif', style='italic', variant='normal', weight=400, stretch='normal', size='scalable')) = 11.05
[2025-04-07 23:36:25,173][DEBUG] findfont: score(FontEntry(fname='/usr/local/lib/python3.11/dist-packages/matplotlib/mpl-data/fonts/ttf/STIXSizFourSymBol.ttf', name='STIXSizeFourSym', style='normal', variant='normal', weight=700, stretch='normal', size='scalable')) = 10.335
[2025-04-07 23:36:25,173][DEBUG] findfont: score(FontEntry(fname='/usr/local/lib/python3.11/dist-packages/matplotlib/mpl-data/fonts/ttf/cmsy10.ttf', name='cmsy10', style='normal', variant='normal', weight=400, stretch='normal', size='scalable')) = 10.05
[2025-04-07 23:36:25,173][DEBUG] findfont: score(FontEntry(fname='/usr/local/lib/python3.11/dist-packages/matplotlib/mpl-data/fonts/ttf/STIXNonUni.ttf', name='STIXNonUnicode', style='normal', variant='normal', weight=400, stretch='normal', size='scalable')) = 10.05
[2025-04-07 23:36:25,173][DEBUG] findfont: score(FontEntry(fname='/usr/local/lib/python3.11/dist-packages/matplotlib/mpl-data/fonts/ttf/STIXNonUniIta.ttf', name='STIXNonUnicode', style='italic', variant='normal', weight=400, stretch='normal', size='scalable')) = 11.05
[2025-04-07 23:36:25,173][DEBUG] findfont: score(FontEntry(fname='/usr/local/lib/python3.11/dist-packages/matplotlib/mpl-data/fonts/ttf/DejaVuSans-Bold.ttf', name='DejaVu Sans', style='normal', variant='normal', weight=700, stretch='normal', size='scalable')) = 0.33499999999999996
[2025-04-07 23:36:25,173][DEBUG] findfont: score(FontEntry(fname='/usr/local/lib/python3.11/dist-packages/matplotlib/mpl-data/fonts/ttf/DejaVuSans.ttf', name='DejaVu Sans', style='normal', variant='normal', weight=400, stretch='normal', size='scalable')) = 0.05
[2025-04-07 23:36:25,173][DEBUG] findfont: score(FontEntry(fname='/usr/local/lib/python3.11/dist-packages/matplotlib/mpl-data/fonts/ttf/STIXGeneralBol.ttf', name='STIXGeneral', style='normal', variant='normal', weight=700, stretch='normal', size='scalable')) = 10.335
[2025-04-07 23:36:25,173][DEBUG] findfont: score(FontEntry(fname='/usr/local/lib/python3.11/dist-packages/matplotlib/mpl-data/fonts/ttf/STIXSizOneSymReg.ttf', name='STIXSizeOneSym', style='normal', variant='normal', weight=400, stretch='normal', size='scalable')) = 10.05
[2025-04-07 23:36:25,173][DEBUG] findfont: score(FontEntry(fname='/usr/local/lib/python3.11/dist-packages/matplotlib/mpl-data/fonts/ttf/STIXSizThreeSymReg.ttf', name='STIXSizeThreeSym', style='normal', variant='normal', weight=400, stretch='normal', size='scalable')) = 10.05
[2025-04-07 23:36:25,173][DEBUG] findfont: score(FontEntry(fname='/usr/local/lib/python3.11/dist-packages/matplotlib/mpl-data/fonts/ttf/cmss10.ttf', name='cmss10', style='normal', variant='normal', weight=400, stretch='normal', size='scalable')) = 10.05
[2025-04-07 23:36:25,173][DEBUG] findfont: score(FontEntry(fname='/usr/local/lib/python3.11/dist-packages/matplotlib/mpl-data/fonts/ttf/STIXSizFiveSymReg.ttf', name='STIXSizeFiveSym', style='normal', variant='normal', weight=400, stretch='normal', size='scalable')) = 10.05
[2025-04-07 23:36:25,173][DEBUG] findfont: score(FontEntry(fname='/usr/local/lib/python3.11/dist-packages/matplotlib/mpl-data/fonts/ttf/STIXGeneralItalic.ttf', name='STIXGeneral', style='italic', variant='normal', weight=400, stretch='normal', size='scalable')) = 11.05
[2025-04-07 23:36:25,174][DEBUG] findfont: score(FontEntry(fname='/usr/local/lib/python3.11/dist-packages/matplotlib/mpl-data/fonts/ttf/DejaVuSans-Oblique.ttf', name='DejaVu Sans', style='oblique', variant='normal', weight=400, stretch='normal', size='scalable')) = 1.05
[2025-04-07 23:36:25,174][DEBUG] findfont: score(FontEntry(fname='/usr/local/lib/python3.11/dist-packages/matplotlib/mpl-data/fonts/ttf/DejaVuSerif-BoldItalic.ttf', name='DejaVu Serif', style='italic', variant='normal', weight=700, stretch='normal', size='scalable')) = 11.335
[2025-04-07 23:36:25,174][DEBUG] findfont: score(FontEntry(fname='/usr/local/lib/python3.11/dist-packages/matplotlib/mpl-data/fonts/ttf/DejaVuSerif-Bold.ttf', name='DejaVu Serif', style='normal', variant='normal', weight=700, stretch='normal', size='scalable')) = 10.335
[2025-04-07 23:36:25,174][DEBUG] findfont: score(FontEntry(fname='/usr/local/lib/python3.11/dist-packages/matplotlib/mpl-data/fonts/ttf/cmtt10.ttf', name='cmtt10', style='normal', variant='normal', weight=400, stretch='normal', size='scalable')) = 10.05
[2025-04-07 23:36:25,174][DEBUG] findfont: score(FontEntry(fname='/usr/local/lib/python3.11/dist-packages/matplotlib/mpl-data/fonts/ttf/STIXNonUniBol.ttf', name='STIXNonUnicode', style='normal', variant='normal', weight=700, stretch='normal', size='scalable')) = 10.335
[2025-04-07 23:36:25,174][DEBUG] findfont: score(FontEntry(fname='/usr/local/lib/python3.11/dist-packages/matplotlib/mpl-data/fonts/ttf/STIXGeneral.ttf', name='STIXGeneral', style='normal', variant='normal', weight=400, stretch='normal', size='scalable')) = 10.05
[2025-04-07 23:36:25,174][DEBUG] findfont: score(FontEntry(fname='/usr/local/lib/python3.11/dist-packages/matplotlib/mpl-data/fonts/ttf/STIXSizThreeSymBol.ttf', name='STIXSizeThreeSym', style='normal', variant='normal', weight=700, stretch='normal', size='scalable')) = 10.335
[2025-04-07 23:36:25,174][DEBUG] findfont: score(FontEntry(fname='/usr/local/lib/python3.11/dist-packages/matplotlib/mpl-data/fonts/ttf/cmb10.ttf', name='cmb10', style='normal', variant='normal', weight=400, stretch='normal', size='scalable')) = 10.05
[2025-04-07 23:36:25,174][DEBUG] findfont: score(FontEntry(fname='/usr/local/lib/python3.11/dist-packages/matplotlib/mpl-data/fonts/ttf/STIXSizTwoSymBol.ttf', name='STIXSizeTwoSym', style='normal', variant='normal', weight=700, stretch='normal', size='scalable')) = 10.335
[2025-04-07 23:36:25,174][DEBUG] findfont: score(FontEntry(fname='/usr/local/lib/python3.11/dist-packages/matplotlib/mpl-data/fonts/ttf/STIXSizTwoSymReg.ttf', name='STIXSizeTwoSym', style='normal', variant='normal', weight=400, stretch='normal', size='scalable')) = 10.05
[2025-04-07 23:36:25,174][DEBUG] findfont: score(FontEntry(fname='/usr/local/lib/python3.11/dist-packages/matplotlib/mpl-data/fonts/ttf/DejaVuSerif.ttf', name='DejaVu Serif', style='normal', variant='normal', weight=400, stretch='normal', size='scalable')) = 10.05
[2025-04-07 23:36:25,174][DEBUG] findfont: score(FontEntry(fname='/usr/local/lib/python3.11/dist-packages/matplotlib/mpl-data/fonts/ttf/cmex10.ttf', name='cmex10', style='normal', variant='normal', weight=400, stretch='normal', size='scalable')) = 10.05
[2025-04-07 23:36:25,174][DEBUG] findfont: score(FontEntry(fname='/usr/local/lib/python3.11/dist-packages/matplotlib/mpl-data/fonts/ttf/DejaVuSansMono-Bold.ttf', name='DejaVu Sans Mono', style='normal', variant='normal', weight=700, stretch='normal', size='scalable')) = 10.335
[2025-04-07 23:36:25,174][DEBUG] findfont: score(FontEntry(fname='/usr/local/lib/python3.11/dist-packages/matplotlib/mpl-data/fonts/ttf/STIXGeneralBolIta.ttf', name='STIXGeneral', style='italic', variant='normal', weight=700, stretch='normal', size='scalable')) = 11.335
[2025-04-07 23:36:25,174][DEBUG] findfont: score(FontEntry(fname='/usr/local/lib/python3.11/dist-packages/matplotlib/mpl-data/fonts/ttf/DejaVuSansMono.ttf', name='DejaVu Sans Mono', style='normal', variant='normal', weight=400, stretch='normal', size='scalable')) = 10.05
[2025-04-07 23:36:25,174][DEBUG] findfont: score(FontEntry(fname='/usr/local/lib/python3.11/dist-packages/matplotlib/mpl-data/fonts/ttf/STIXNonUniBolIta.ttf', name='STIXNonUnicode', style='italic', variant='normal', weight=700, stretch='normal', size='scalable')) = 11.335
[2025-04-07 23:36:25,174][DEBUG] findfont: score(FontEntry(fname='/usr/local/lib/python3.11/dist-packages/matplotlib/mpl-data/fonts/ttf/DejaVuSansMono-BoldOblique.ttf', name='DejaVu Sans Mono', style='oblique', variant='normal', weight=700, stretch='normal', size='scalable')) = 11.335
[2025-04-07 23:36:25,174][DEBUG] findfont: score(FontEntry(fname='/usr/local/lib/python3.11/dist-packages/matplotlib/mpl-data/fonts/ttf/cmmi10.ttf', name='cmmi10', style='normal', variant='normal', weight=400, stretch='normal', size='scalable')) = 10.05
[2025-04-07 23:36:25,174][DEBUG] findfont: score(FontEntry(fname='/usr/local/lib/python3.11/dist-packages/matplotlib/mpl-data/fonts/ttf/cmr10.ttf', name='cmr10', style='normal', variant='normal', weight=400, stretch='normal', size='scalable')) = 10.05
[2025-04-07 23:36:25,174][DEBUG] findfont: score(FontEntry(fname='/usr/local/lib/python3.11/dist-packages/matplotlib/mpl-data/fonts/ttf/DejaVuSansDisplay.ttf', name='DejaVu Sans Display', style='normal', variant='normal', weight=400, stretch='normal', size='scalable')) = 10.05
[2025-04-07 23:36:25,174][DEBUG] findfont: score(FontEntry(fname='/usr/local/lib/python3.11/dist-packages/matplotlib/mpl-data/fonts/ttf/DejaVuSansMono-Oblique.ttf', name='DejaVu Sans Mono', style='oblique', variant='normal', weight=400, stretch='normal', size='scalable')) = 11.05
[2025-04-07 23:36:25,174][DEBUG] findfont: score(FontEntry(fname='/usr/local/lib/python3.11/dist-packages/matplotlib/mpl-data/fonts/ttf/STIXSizOneSymBol.ttf', name='STIXSizeOneSym', style='normal', variant='normal', weight=700, stretch='normal', size='scalable')) = 10.335
[2025-04-07 23:36:25,174][DEBUG] findfont: score(FontEntry(fname='/usr/local/lib/python3.11/dist-packages/matplotlib/mpl-data/fonts/ttf/DejaVuSerifDisplay.ttf', name='DejaVu Serif Display', style='normal', variant='normal', weight=400, stretch='normal', size='scalable')) = 10.05
[2025-04-07 23:36:25,174][DEBUG] findfont: score(FontEntry(fname='/usr/local/lib/python3.11/dist-packages/matplotlib/mpl-data/fonts/ttf/DejaVuSans-BoldOblique.ttf', name='DejaVu Sans', style='oblique', variant='normal', weight=700, stretch='normal', size='scalable')) = 1.335
[2025-04-07 23:36:25,174][DEBUG] findfont: score(FontEntry(fname='/usr/share/fonts/truetype/liberation/LiberationMono-BoldItalic.ttf', name='Liberation Mono', style='italic', variant='normal', weight=700, stretch='normal', size='scalable')) = 11.335
[2025-04-07 23:36:25,174][DEBUG] findfont: score(FontEntry(fname='/usr/share/fonts/truetype/liberation/LiberationSans-Bold.ttf', name='Liberation Sans', style='normal', variant='normal', weight=700, stretch='normal', size='scalable')) = 10.335
[2025-04-07 23:36:25,174][DEBUG] findfont: score(FontEntry(fname='/usr/share/fonts/truetype/liberation/LiberationSansNarrow-BoldItalic.ttf', name='Liberation Sans Narrow', style='italic', variant='normal', weight=700, stretch='condensed', size='scalable')) = 11.535
[2025-04-07 23:36:25,174][DEBUG] findfont: score(FontEntry(fname='/usr/share/fonts/truetype/liberation/LiberationMono-Regular.ttf', name='Liberation Mono', style='normal', variant='normal', weight=400, stretch='normal', size='scalable')) = 10.05
[2025-04-07 23:36:25,174][DEBUG] findfont: score(FontEntry(fname='/usr/share/fonts/truetype/liberation/LiberationSerif-Bold.ttf', name='Liberation Serif', style='normal', variant='normal', weight=700, stretch='normal', size='scalable')) = 10.335
[2025-04-07 23:36:25,175][DEBUG] findfont: score(FontEntry(fname='/usr/share/fonts/truetype/liberation/LiberationMono-Bold.ttf', name='Liberation Mono', style='normal', variant='normal', weight=700, stretch='normal', size='scalable')) = 10.335
[2025-04-07 23:36:25,175][DEBUG] findfont: score(FontEntry(fname='/usr/share/fonts/truetype/liberation/LiberationSans-BoldItalic.ttf', name='Liberation Sans', style='italic', variant='normal', weight=700, stretch='normal', size='scalable')) = 11.335
[2025-04-07 23:36:25,175][DEBUG] findfont: score(FontEntry(fname='/usr/share/fonts/truetype/humor-sans/Humor-Sans.ttf', name='Humor Sans', style='normal', variant='normal', weight=400, stretch='normal', size='scalable')) = 10.05
[2025-04-07 23:36:25,175][DEBUG] findfont: score(FontEntry(fname='/usr/share/fonts/truetype/liberation/LiberationSerif-Regular.ttf', name='Liberation Serif', style='normal', variant='normal', weight=400, stretch='normal', size='scalable')) = 10.05
[2025-04-07 23:36:25,175][DEBUG] findfont: score(FontEntry(fname='/usr/share/fonts/truetype/liberation/LiberationSans-Regular.ttf', name='Liberation Sans', style='normal', variant='normal', weight=400, stretch='normal', size='scalable')) = 10.05
[2025-04-07 23:36:25,175][DEBUG] findfont: score(FontEntry(fname='/usr/share/fonts/truetype/liberation/LiberationSansNarrow-Bold.ttf', name='Liberation Sans Narrow', style='normal', variant='normal', weight=700, stretch='condensed', size='scalable')) = 10.535
[2025-04-07 23:36:25,175][DEBUG] findfont: score(FontEntry(fname='/usr/share/fonts/truetype/liberation/LiberationSans-Italic.ttf', name='Liberation Sans', style='italic', variant='normal', weight=400, stretch='normal', size='scalable')) = 11.05
[2025-04-07 23:36:25,175][DEBUG] findfont: score(FontEntry(fname='/usr/share/fonts/truetype/liberation/LiberationSerif-Italic.ttf', name='Liberation Serif', style='italic', variant='normal', weight=400, stretch='normal', size='scalable')) = 11.05
[2025-04-07 23:36:25,175][DEBUG] findfont: score(FontEntry(fname='/usr/share/fonts/truetype/liberation/LiberationSansNarrow-Regular.ttf', name='Liberation Sans Narrow', style='normal', variant='normal', weight=400, stretch='condensed', size='scalable')) = 10.25
[2025-04-07 23:36:25,175][DEBUG] findfont: score(FontEntry(fname='/usr/share/fonts/truetype/liberation/LiberationMono-Italic.ttf', name='Liberation Mono', style='italic', variant='normal', weight=400, stretch='normal', size='scalable')) = 11.05
[2025-04-07 23:36:25,175][DEBUG] findfont: score(FontEntry(fname='/usr/share/fonts/truetype/liberation/LiberationSerif-BoldItalic.ttf', name='Liberation Serif', style='italic', variant='normal', weight=700, stretch='normal', size='scalable')) = 11.335
[2025-04-07 23:36:25,175][DEBUG] findfont: score(FontEntry(fname='/usr/share/fonts/truetype/liberation/LiberationSansNarrow-Italic.ttf', name='Liberation Sans Narrow', style='italic', variant='normal', weight=400, stretch='condensed', size='scalable')) = 11.25
[2025-04-07 23:36:25,175][DEBUG] findfont: Matching sans\-serif:style=normal:variant=normal:weight=normal:stretch=normal:size=12.0 to DejaVu Sans ('/usr/local/lib/python3.11/dist-packages/matplotlib/mpl-data/fonts/ttf/DejaVuSans.ttf') with score of 0.050000.
